// Jest Snapshot v1, https://goo.gl/fbAQLP

exports[`EpisodeList component renders EpisodeList 1`] = `
<DocumentFragment>
  <div>
    <ul
      data-testid="episodes"
    >
      <li>
        <a
          href="/episodes/1"
        >
          <figure>
            <h1>
              Pilot
            </h1>
            <h2>
              https://rickandmortyapi.com/api/episode/1
            </h2>
          </figure>
        </a>
      </li>
    </ul>
  </div>
</DocumentFragment>
`;
